[www.softwareag.com/en_corporate.html]
[backblue.gif]
[fade.gif]
[index.html]
[www.softwareag.com/etc.clientlibs/softwareag/clientlibs/clientlib-site.min.ACSHASH96a29bf0a6602e81300d361a9864df0e.css]
[www.softwareag.com/content/dam/softwareag/global/logos/sag/software-ag-logo-core-dark-opt.svg]
[www.softwareag.com/en_corporate/platform/iot.html]
[assets.adobedtm.com/081e57b01871/7a4a555f3f4e/launch-29da95ff591c.min.js]
[www.softwareag.com/en_corporate/platform/iot/iot-analytics.html]
[www.softwareag.com/en_corporate/platform/iot/iot-application-enablement.html]
[www.softwareag.com/en_corporate/platform/iot/iot-connected-devices.html]
[www.softwareag.com/en_corporate/platform/iot/iot-device-management.html]
[www.softwareag.com/en_corporate/platform/iot/iot-edge-computing.html]
[www.softwareag.com/en_corporate/platform/iot/iot-integration.html]
[www.softwareag.com/en_corporate/platform/iot/solution-accelerators.html]
[www.softwareag.com/en_corporate/platform/iot/iiot-manufacturing.html]
[www.softwareag.com/en_corporate/platform/iot/iot-telco.html]
[www.softwareag.com/en_corporate/platform/iot/iot-transport-logistic.html]
[www.softwareag.com/en_corporate/platform/iot/iot-utilities.html]
[www.softwareag.com/en_corporate/platform/integration-apis.html]
[www.softwareag.com/en_corporate/platform/integration-apis/api-management.html]
[www.softwareag.com/en_corporate/platform/integration-apis/application-integration.html]
[www.softwareag.com/en_corporate/platform/integration-apis/b2b-integration.html]
[www.softwareag.com/en_corporate/platform/integration-apis/mainframe-integration.html]
[www.softwareag.com/en_corporate/platform/aris.html]
[www.softwareag.com/en_corporate/platform/aris/business-process-improvement.html]
[www.softwareag.com/en_corporate/platform/aris/business-process-automation.html]
[www.softwareag.com/en_corporate/platform/aris/process-mining.html]
[www.softwareag.com/en_corporate/platform/aris/risk-compliance-management.html]
[www.softwareag.com/en_corporate/platform/aris/change-management.html]
[www.softwareag.com/en_corporate/platform/alfabet.html]
[www.softwareag.com/en_corporate/platform/alfabet/enterprise-architecture.html]
[www.softwareag.com/en_corporate/platform/alfabet/it-portfolio-management.html]
[www.softwareag.com/en_corporate/platform/alfabet/it-planning.html]
[www.softwareag.com/en_corporate/platform/adabas-natural.html]
[www.softwareag.com/en_corporate/platform/adabas-natural/devops.html]
[www.softwareag.com/en_corporate/platform/adabas-natural/api-enablement.html]
[www.softwareag.com/en_corporate/platform/adabas-natural/cloud-transformation.html]
[www.softwareag.com/en_corporate/platform/adabas-natural/data-integration.html]
[www.softwareag.com/en_corporate/platform/adabas-natural/mainframe-offload.html]
[www.softwareag.com/en_corporate/resources.html]
[www.softwareag.com/en_corporate/company/analyst-awards.html]
[www.softwareag.com/en_corporate/resources/communities.html]
[www.softwareag.com/en_corporate/resources/communities/usergroup.html]
[www.softwareag.com/en_corporate/company/events.html]
[www.softwareag.com/en_corporate/resources/services/professional-services.html]
[www.softwareag.com/en_corporate/resources/partners.html]
[www.softwareag.com/en_corporate/resources/partners/engagement.html]
[www.softwareag.com/en_corporate/company.html]
[www.softwareag.com/en_corporate/company/leadership.html]
[www.softwareag.com/en_corporate/company/news.html]
[www.softwareag.com/en_corporate/company/jobs.html]
[www.softwareag.com/en_corporate/company/csr.html]
[www.softwareag.com/en_corporate/company/ambassador-program.html]
[www.softwareag.com/en_corporate/contact.html]
[www.softwareag.com/content/dam/softwareag/global/icons/cloud-icon.svg]
[www.softwareag.com/libs/dam/components/scene7/dynamicmedia/clientlibs/dynamicmedia.min.ACSHASH95866daf2281c89c2f0c736ab3953f57.css]
[www.softwareag.com/libs/dam/components/scene7/common/clientlibs/viewer.min.ACSHASH4618b42d2de5cb16b5ebca7fdf77812d.js]
[www.softwareag.com/etc.clientlibs/clientlibs/granite/jquery.min.ACSHASH1494c0abbe501301e2ab9daecc6082a8.js]
[www.softwareag.com/etc.clientlibs/clientlibs/granite/utils.min.ACSHASH4a192b590a2c2926fb000264370c0588.js]
[www.softwareag.com/libs/dam/components/scene7/dynamicmedia/clientlibs/dynamicmedia.min.ACSHASH738776da43320f8d780014c241ca78a5.js]
[www.softwareag.com/libs/dam/components/scene7/common/clientlibs/i18n.min.ACSHASHe56565868b512df6d2fefe44894551be.js]
[www.softwareag.com/content/dam/softwareag/global/image/homepage-images/HomePage-Solution-Image-No1.jpg]
[www.softwareag.com/content/dam/softwareag/global/image/homepage-images/HomePage-Solution-Image-No3.png]
[www.softwareag.com/content/dam/softwareag/global/logos/customer/201709_Nestle_nespresso_45_45_tcm389-160618.png]
[www.softwareag.com/content/dam/softwareag/global/logos/customer/Campari_Group_tcm389-160552.png]
[www.softwareag.com/content/dam/softwareag/global/logos/customer/Fujitsu_95_45_tcm389-160562.png]
[www.softwareag.com/content/dam/softwareag/global/logos/customer/Logo_DHL_tcm389-160554.jpg]
[www.softwareag.com/content/dam/softwareag/global/logos/customer/TEL-logo_color_pos_tcm389-160651.png]
[www.softwareag.com/content/dam/softwareag/global/logos/customer/Vodafone_71_50_tcm389-160628.png]
[www.softwareag.com/content/dam/softwareag/global/logos/customer/Airbus-logo.png]
[www.softwareag.com/en_corporate/platform/integration-apis/integration-strategy-report.html]
[www.softwareag.com/content/dam/softwareag/global/logos/sag/software-ag-logo-core-light.svg]
[www.softwareag.com/content/dam/softwareag/global/web-images/industry/Industry-Oil-Gas.jpg]
[www.softwareag.com/content/dam/softwareag/global/icons/social-media/icon-linkedin.svg]
[www.softwareag.com/content/dam/softwareag/global/icons/social-media/icon-facebook.svg]
[www.softwareag.com/content/dam/softwareag/global/icons/social-media/icon-twitter.svg]
[www.softwareag.com/content/dam/softwareag/global/icons/social-media/icon-youtube.svg]
[www.softwareag.com/content/dam/softwareag/global/icons/social-media/icon-tech-comm.svg]
[www.softwareag.com/content/dam/softwareag/global/icons/social-media/icon-owler.svg]
[www.softwareag.com/en_corporate.html]
[www.softwareag.com/etc.clientlibs/softwareag/clientlibs/clientlib-site.min.ACSHASH96a29bf0a6602e81300d361a9864df0e.css]
[www.softwareag.com/etc.clientlibs/softwareag/clientlibs/clientlib-site.min.ACSHASHa7bfdb31762d47e494a574d6a2879898.js]
[snap.licdn.com/li.lms-analytics/insight.min.js]
[assets.adobedtm.com/081e57b01871/7a4a555f3f4e/launch-29da95ff591c.min.js]
[www.softwareag.com/content/dam/softwareag/global/logos/sag/software-ag-logo-core-dark-opt.svg]
[www.softwareag.com/en_corporate/platform/iot/cumulocity-iot-quickstart.html]
[www.softwareag.com/en_corporate/platform/iot/iot-analytics-platform.html]
[www.softwareag.com/en_corporate/platform/iot/industrial-analytics.html]
[www.softwareag.com/en_corporate/platform/iot/beecham-iot-report.html]
[www.softwareag.com/en_corporate/platform/iot.html]
[www.softwareag.com/en_corporate/platform/iot/gartner_mq_iiot_2019.html]
[www.softwareag.com/en_corporate/platform/iot/iot-analytics.html]
[www.softwareag.com/en_corporate/platform/iot/forrester-wave-2019.html]
[www.softwareag.com/en_corporate/platform/iot/iot-application-enablement.html]
[www.softwareag.com/en_corporate/platform/iot/iot-connected-devices.html]
[www.softwareag.com/en_corporate/platform/iot/machnation-aep-2020.html]
[www.softwareag.com/en_corporate/platform/iot/machnation-device-2019.html]
[www.softwareag.com/en_corporate/platform/iot/machnation-device-2020.html]
[www.softwareag.com/en_corporate/platform/iot/iot-device-management.html]
[www.softwareag.com/en_corporate/platform/iot/iot-edge-computing.html]
[www.softwareag.com/en_corporate/platform/iot/machnation-edge-2020.html]
[www.softwareag.com/en_corporate/platform/iot/iot-integration.html]
[www.softwareag.com/en_corporate/platform/iot/solution-accelerators.html]
[www.softwareag.com/en_corporate/platform/iot/Iot-data-integration.html]
[www.softwareag.com/en_corporate/platform/iot/iiot-manufacturing.html]
[www.softwareag.com/en_corporate/platform/iot/iot-telco.html]
[www.softwareag.com/en_corporate/platform/iot/iot-telco-white-paper.html]
[www.softwareag.com/en_corporate/platform/iot/iot-transport-logistic.html]
[www.softwareag.com/en_corporate/platform/iot/gartner-cc-iiot-2019.html]
[www.softwareag.com/en_corporate/platform/iot/iot-utilities.html]
[www.softwareag.com/en_corporate/platform/iot/smart-water-management-register.html]
[www.softwareag.com/en_corporate/platform/integration-apis/api-integration-platform.html]
[www.softwareag.com/en_corporate/platform/integration-apis/webmethods-integration.html]
[www.softwareag.com/content/dam/softwareag/global/logos/customer/aras-kargo-logo.jpg]
[www.softwareag.com/en_corporate/platform/integration-apis/ebook-api-management.html]
[www.softwareag.com/en_corporate/platform/integration-apis.html]
[www.softwareag.com/en_corporate/platform/integration-apis/integrate-to-innovate-white-paper.html]
[www.softwareag.com/en_corporate/platform/integration-apis/gartner-magic-quadrant-2019-api-management.html]
[www.softwareag.com/en_corporate/platform/integration-apis/api-management.html]
[www.softwareag.com/en_corporate/platform/integration-apis/forrester-wave-api-management-2018-q4.html]
[www.softwareag.com/en_corporate/platform/integration-apis/hybrid-integration-ebook.html]
[www.softwareag.com/en_corporate/platform/integration-apis/integrate-to-innovate-gartner-report.html]
[www.softwareag.com/en_corporate/platform/integration-apis/application-integration.html]
[www.softwareag.com/en_corporate/platform/integration-apis/forrester-wave-2019-strategic-ipaas-and-hybrid-integration-platforms.html]
[www.softwareag.com/en_corporate/platform/integration-apis/b2b-integration-webmethods-io-b2b-white-paper.html]
[www.softwareag.com/en_corporate/platform/integration-apis/b2b-integration.html]
[www.softwareag.com/en_corporate/platform/integration-apis/mainframe-integration.html]
[www.softwareag.com/en_corporate/platform/integration-apis/b2b-integration-webmethods-io-b2b-e-book.html]
[www.softwareag.com/en_corporate/platform/aris/process-design.html]
[www.softwareag.com/en_corporate/platform/aris/process-analysis.html]
[www.softwareag.com/en_corporate/platform/aris/process-management.html]
[www.softwareag.com/content/dam/softwareag/global/logos/customer/Fibabanka-logo-2018_325px.png]
[www.softwareag.com/en_corporate/platform/aris/enterprise_management_system_e-book.html]
[www.softwareag.com/en_corporate/platform/aris.html]
[www.softwareag.com/en_corporate/platform/aris/enterprise-management-system-white-paper.html]
[www.softwareag.com/en_corporate/platform/aris/business-process-improvement.html]
[www.softwareag.com/en_corporate/platform/aris/business-process-automation.html]
[www.softwareag.com/en_corporate/platform/aris/process-mining.html]
[www.softwareag.com/en_corporate/platform/aris/risk-compliance-management.html]
[www.softwareag.com/en_corporate/platform/aris/aris-process-mining-everest-report-2020.html]
[www.softwareag.com/en_corporate/platform/aris/change-management.html]
[www.softwareag.com/en_corporate/platform/alfabet/alfabet-fastlane.html]
[www.softwareag.com/en_corporate/platform/alfabet/alfabet-it-portfolio-management.html]
[www.softwareag.com/content/dam/softwareag/global/logos/customer/Zurich_Insurance_logo_325px.png]
[www.softwareag.com/en_corporate/platform/alfabet/gartner_mq_iitpaa_2019.html]
[www.softwareag.com/en_corporate/platform/alfabet/gartner_mq_enterprise_architecture_2019.html]
[www.softwareag.com/en_corporate/platform/alfabet/forrester_wave_strategic_portfolio_management_for_agile_organizations_2019.html]
[www.softwareag.com/en_corporate/platform/alfabet.html]
[www.softwareag.com/en_corporate/platform/alfabet/enterprise-architecture.html]
[www.softwareag.com/en_corporate/platform/alfabet/it-portfolio-management.html]
[www.softwareag.com/en_corporate/platform/alfabet/it-planning.html]
[www.softwareag.com/en_corporate/platform/alfabet/fastlane-free-trial.html]
[www.softwareag.com/en_corporate/platform/adabas-natural.html]
[www.softwareag.com/en_corporate/platform/adabas-natural/devops.html]
[www.softwareag.com/en_corporate/platform/adabas-natural/api-enablement.html]
[www.softwareag.com/en_corporate/platform/adabas-natural/adabas-natural-demo.html]
[www.softwareag.com/en_corporate/platform/adabas-natural/cloud-transformation.html]
[www.softwareag.com/en_corporate/platform/adabas-natural/data-integration.html]
[www.softwareag.com/en_corporate/platform/adabas-natural/mainframe-offload.html]
[www.softwareag.com/en_corporate/resources.html]
[www.softwareag.com/en_corporate/platform/adabas-natural/lift-and-shift-cloud.html]
[www.softwareag.com/en_corporate/company/news/2020/0103_cumulocity_iot_named_best_enterprise_iot_platform_of_the_year_in_the_2020_iot_brealthrough_awards.html]
[www.softwareag.com/en_corporate/company/analyst-awards.html]
[www.softwareag.com/en_corporate/resources/communities.html]
[www.softwareag.com/en_corporate/company/news/2019/0305_leader_in_eam.html]
[www.softwareag.com/en_corporate/resources/communities/usergroup.html]
[www.softwareag.com/en_corporate/resources/communities/usergroup/register.html]
[www.softwareag.com/en_corporate/company/events/2020/0810_iot_world.html]
[www.softwareag.com/en_corporate/company/events/2020/1007_innovation_tour_riyadh.html]
[www.softwareag.com/en_corporate/company/events.html]
[www.softwareag.com/en_corporate/resources/services/professional-services.html]
[www.softwareag.com/en_corporate/company/events/2020/1013-annual_product-release-virtual-conference.html]
[www.softwareag.com/en_corporate/company/news/2019/0719_software_ag_partners_with_microsoft.html]
[www.softwareag.com/en_corporate/resources/partners.html]
[www.softwareag.com/en_corporate/company/news/2018/1011_software_ag_and_dell_technologies_extend_partnership.html]
[www.softwareag.com/en_corporate/resources/partners/engagement.html]
[www.softwareag.com/corporate/system/v1.37/assets/sag/scripts/discover-min.js]
[www.softwareag.com/corporate/system/v1.37/assets/sag/scripts/jwplayer.js]
[assets.adobedtm.com/081e57b01871/feffb9a79a17/launch-7d193826ab70-development.min.js]
[www.softwareag.com/corporate/images/Software-AG-logo_tcm389-191194.png]
[www.softwareag.com/corporate/system/v1.37/assets/sag/images/bkg/search.png]
[www.softwareag.com/corporate/images/globe_darkblue_tcm389-191192.png]
[www.softwareag.com/corporate/images/Tile_Accenture_TR _250_330_tcm389-162536.png]
[www.softwareag.com/corporate/images/Adobe-tile_tcm389-191383.png]
[www.softwareag.com/corporate/images/Tile-for-AWS_250_330_tcm389-190638.png]
[www.softwareag.com/corporate/images/Capegemini_logo_tcm389-162535.jpg]
[www.softwareag.com/corporate/images/Tile for CGI_250_330_tcm389-162539.png]
[www.softwareag.com/corporate/images/Tile for Cognizant_250_330_tcm389-162541.png]
[www.softwareag.com/corporate/images/Dell-tile-250x330px_new_tcm389-191034.png]
[www.softwareag.com/corporate/images/Tile_Deloitte_TR_250_330_tcm389-162526.png]
[www.softwareag.com/corporate/images/Tile for HCL_250_330 _tcm389-162531.png]
[www.softwareag.com/corporate/images/Tile for Infosys_250_330 _tcm389-162533.png]
[www.softwareag.com/corporate/images/Tile for PWC_250_330_tcm389-162527.png]
[www.softwareag.com/corporate/images/Tile for TATA_250_330_tcm389-162537.png]
[www.softwareag.com/corporate/images/Tile for TeckMahindra_250_330_tcm389-162525.png]
[www.softwareag.com/corporate/images/Tile_Wipro_TR_250_330_tcm389-162538.png]
[www.softwareag.com/corporate/images/fb_horizontal_tcm389-159500.png]
[www.softwareag.com/corporate/images/tw_horizontal_tcm389-159605.png]
[www.softwareag.com/corporate/images/linkedin_horizontal_tcm389-159274.png]
[www.softwareag.com/corporate/images/instagram_icon_draft1_tcm389-159248.png]
[www.softwareag.com/corporate/images/youtube_horizontal_tcm389-159390.png]
[www.softwareag.com/corporate/images/wp_horizontal_tcm389-159548.png]
[www.softwareag.com/corporate/images/smc_horizontal_tcm389-159563.png]
[www.softwareag.com/corporate/images/forum-icon_tcm389-185398.png]
[www.softwareag.com/corporate/images/mail_horizontal_tcm389-159366.png]
[static.ads-twitter.com/uwt.js]
[connect.facebook.net/en_US/fbevents.js]
[www.softwareag.com/corporate/images/support_login_darkblue_tcm389-191193.png]
[www.softwareag.com/corporate/images/fb_vertical_tcm389-159381.png]
[www.softwareag.com/corporate/images/tw_vertical_tcm389-159570.png]
[www.softwareag.com/corporate/images/linkedin_vertical_tcm389-159554.png]
[www.softwareag.com/corporate/images/insta_icon_tcm389-159412.png]
[www.softwareag.com/corporate/images/youtube_vertical_tcm389-159516.png]
[www.softwareag.com/corporate/images/wp_vertical_tcm389-159565.png]
[www.softwareag.com/corporate/images/smc_vertical_tcm389-159354.png]
[www.softwareag.com/corporate/images/mail_vertical_tcm389-159645.png]
[www.softwareag.com/corporate/system/v1.37/assets/sag/scripts/jquery.min.js]
[www.softwareag.com/corporate/system/v1.37/assets/sag/scripts/jquery-ui.min.js]
[www.softwareag.com/corporate/system/v1.37/assets/sag/scripts/modernizr.js]
[www.softwareag.com/corporate/system/v1.37/assets/sag/scripts/jquery.mmenu.min.all.js]
[www.softwareag.com/corporate/system/v1.37/assets/sag/scripts/jquery.tooltip.js]
[www.softwareag.com/corporate/system/v1.37/assets/sag/scripts/jquery.swiper.min.js]
[www.softwareag.com/corporate/system/v1.37/assets/sag/scripts/classie.js]
[www.softwareag.com/corporate/system/v1.37/assets/sag/scripts/jquery.bxslider.min.js]
[www.softwareag.com/corporate/system/v1.37/assets/sag/scripts/corporate_main.js]
[www.softwareag.com/corporate/system/v1.37/assets/sag/scripts/transformer_tabs.js]
[www.softwareag.com/corporate/system/v1.37/assets/sag/scripts/anchor_attribute.js]
[www.softwareag.com/corporate/system/v1.37/assets/sag/scripts/gaw.js]
[www.softwareag.com/corporate/system/v1.37/assets/sag/scripts/p_search_res.js]
[www.softwareag.com/corporate/system/v1.37/assets/sag/scripts/jquery.lightbox.min.js]
[www.softwareag.com/corporate/system/v1.37/assets/sag/scripts/trigger_lightwindow.js]
[www.softwareag.com/corporate/partners/partner_finder/default.html]
[www.softwareag.com/en_corporate/company.html]
[www.softwareag.com/en_corporate/company/leadership/sanjay_brahmawar.html]
[www.softwareag.com/en_corporate/company/leadership/dr_elke_frank.html]
[www.softwareag.com/en_corporate/company/leadership/dr_matthias_heiden.html]
[www.softwareag.com/en_corporate/company/leadership/john_schweitzer.html]
[www.softwareag.com/en_corporate/company/leadership/dr_stefan_sigg.html]
[www.softwareag.com/en_corporate/company/leadership/karl-heinz_streibich.html]
[www.softwareag.com/en_corporate/company/leadership/guido_falkenberg.html]
[www.softwareag.com/en_corporate/company/leadership/ralf_dieter.html]
[www.softwareag.com/en_corporate/company/leadership/ursula_soritsch-renier.html]
[www.softwareag.com/en_corporate/company/leadership/markus_ziener.html]
[www.softwareag.com/en_corporate/company/leadership.html]
[www.softwareag.com/en_corporate/company/leadership/christian_zimmermann.html]
[www.softwareag.com/en_corporate/company/news/2020/0625_Trendminer_new_industrial_analytics_platform_launch.html]
[www.softwareag.com/en_corporate/company/news/2020/0602_tech_mahindra_partnership_iot_telco.html]
[www.softwareag.com/en_corporate/company/news/2020/0514_software_ag_and_microsoft_bring_webmethodsio_to_azure.html]
[www.softwareag.com/en_corporate/company/news/2020/0423_software_ag_results_1q2020.html]
[www.softwareag.com/en_corporate/company/news/2020/0414_software_ag_announces_webmethods_appmesh.html]
[www.softwareag.com/en_corporate/company/news/2020/0316_covid-19.html]
[www.softwareag.com/en_corporate/company/news/2020/0311_swift-labs.html]
[www.softwareag.com/en_corporate/company/news/2020/0305_supervisory_board_announces_candidates.html]
[www.softwareag.com/en_corporate/company/news/2020/0205_software_ag_launches_aris_elements_intuitive_focused_process_modelling.html]
[www.softwareag.com/en_corporate/company/news/2020/0129_software_ag_ad_hoc_guidance-2020.html]
[www.softwareag.com/en_corporate/company/news/2020/0129_software_ag_results_4q2019.html]
[www.softwareag.com/en_corporate/company/news/2020/0114_matthias_heiden.html]
[www.softwareag.com/en_corporate/company/news/2019/1216_prestocloud.html]
[www.softwareag.com/en_corporate/company/news/2019/1202_software_ag_named_a_leader_for_9th_consecutive_year_gartner_integrated_it_portfolio_analysis_applications.html]
[www.softwareag.com/en_corporate/company/news/2019/1118_software_ag_odi_member.html]
[www.softwareag.com/en_corporate/company/news/2019/1108_12th_consecutive_year_named_a_leader_in_gartner_magic_quadrant_for_enterprise_architecture_tools.html]
[www.softwareag.com/en_corporate/company/news/2019/1028_adobe_marketo_engage_webmethods.html]
[www.softwareag.com/en_corporate/company/news/2019/1022_software_ag_results_3q2019.html]
[www.softwareag.com/en_corporate/company/news/2019/1001_software_ag_improves_partner_management_and_operational_efficiency_with_launch_of_cloud-based_webmethods_io_b2b.html]
[www.softwareag.com/en_corporate/company/news/2019/0923_infineon_adabas.html]
[www.softwareag.com/en_corporate/company/news/2019/0718_software_ag_results_2q2019.html]
[www.softwareag.com/en_corporate/company/news/2019/0718_software_ag_ad_hoc_2q2019.html]
[www.softwareag.com/en_corporate/company/news/2019/0711_software_ag_telekom_iot_partnership.html]
[www.softwareag.com/en_corporate/company/news/2019/0701_visionary_in_gartner_magic_quadrant_for_industrial_iot_platforms.html]
[www.softwareag.com/en_corporate/company/news/2019/0624_software_ag_appoints_dr_elke_frank.html]
[www.softwareag.com/en_corporate/company/news/2019/0529_software_ag_touching_the_lives_of_millions.html]
[www.softwareag.com/en_corporate/company/news/2019/0508_software_ag_announces_webmethods.html]
[www.softwareag.com/en_corporate/company/news/2019/0423_software_ag_launches_alfabet_fastlane_for_quick_and_easy_it_portfolio_management_in_the_cloud.html]
[www.softwareag.com/en_corporate/company/news/2019/0411_software_ag_ad_hoc_1q2019.html]
[www.softwareag.com/en_corporate/company/news/2019/0411_software_ag_results_1q2019.html]
[www.softwareag.com/en_corporate/company/news/2019/0328_software_ag_announces_major_advance_in_self_service_analytics_for_iot.html]
[www.softwareag.com/en_corporate/company/news/2019/0327_zero_defects_manufacturing_platform_zdmp.html]
[www.softwareag.com/en_corporate/company/news/2019/0225_software_ag_partners_with_telstra_and_busselton_water.html]
[www.softwareag.com/en_corporate/company/news/2019/0131_software_ag_results_2018.html]
[www.softwareag.com/en_corporate/company/news/2019/0131_software_ag_ad_hoc_outlook_2019.html]
[www.softwareag.com/en_corporate/company/news/2019/0108_software_ag_appoints_new_cio_and_cmo.html]
[www.softwareag.com/en_corporate/company/news/2018/1203_nordex_group_adopts_sag_cumulocity_iot.html]
[www.softwareag.com/en_corporate/company/news/2018/1025_john_schweitzer_appointed.html]
[www.softwareag.com/en_corporate/company/news/2018/1019_resultsq3.html]
[www.softwareag.com/en_corporate/company/news/2018/1009_new_independent_study_reveals_current_state_of_iot.html]
[www.softwareag.com/en_corporate/company/news/2018/0823_prestocloud_pilot_manages_huge_data_streams.html]
[www.softwareag.com/en_corporate/company/news/2018/0718_results_2q2018.html]
[www.softwareag.com/en_corporate/company/news/2018/0612_trendminer.html]
[www.softwareag.com/en_corporate/company/news/2018/0612_bilfinger.html]
[www.softwareag.com/en_corporate/company/news/2018/0416_telefonica-iot_solutions.html]
[www.softwareag.com/en_corporate/company/news/2018/0416_gft_and_software_ag_partnership.html]
[www.softwareag.com/en_corporate/company/news/2018/0413_results_1q2018.html]
[www.softwareag.com/en_corporate/company/news/2018/0313_ooredoo_iot.html]
[www.softwareag.com/en_corporate/company/news/2018/0131_new_ceo_sanjay_brahmawar.html]
[www.softwareag.com/en_corporate/company/news/2018/0125_results_2017.html]
[www.softwareag.com/en_corporate/company/news/2019/1118_software_ag_cited_as_leader_in_strategic_portfolio_management_by_independent_research_firm.html]
[www.softwareag.com/en_corporate/company/news/2019/1014_software_ag_named_again_a_leader_in_gartner_magic_quadrant_for_full_life_cycle_api_management.html]
[www.softwareag.com/en_corporate/company/news/2019/1002_the_a-z_of_digital_disruption.html]
[www.softwareag.com/en_corporate/company/news/2019/0925_software_ag_leader_in_streaming_analytics_by_independent_research_firm.html]
[www.softwareag.com/en_corporate/company/news/2019/0910_major_industrial_and_automotive_manufacturers_are_far_behind.html]
[www.softwareag.com/en_corporate/company/news/2019/0903_software_ag_trendminer_latest_release.html]
[www.softwareag.com/en_corporate/company/news/2019/0829_software_ag_to_become_member_of_open_industry.html]
[www.softwareag.com/en_corporate/company/news/2019/0725_aris_cloud_aws_marketplace.html]
[www.softwareag.com/en_corporate/company/news/2019/0724_gartner_cc_iiot.html]
[www.softwareag.com/en_corporate/company/news/2019/0627_software_ag_unveils_webmethods_service_designer_lightweight_integration.html]
[www.softwareag.com/en_corporate/company/news/2019/0515_software_ag_and_adobe_partnership.html]
[www.softwareag.com/en_corporate/company/news/2019/0507_software_ag_named_a_visionary_in_gartners_magic_quadrant.html]
[www.softwareag.com/en_corporate/company/news/2019/0424_machnation_rates_software_ag_cumulocity_iot_a_leading_vendor_in_2019_iot.html]
[www.softwareag.com/en_corporate/company/news/2019/0326_coca_cola_european_partners_chooses_software_ag_as_strategic_partner_to_support_its_digital_strategy.html]
[www.softwareag.com/en_corporate/company/news/2019/0212_powerup_award_winners_2018_d4.html]
[www.softwareag.com/en_corporate/company/news/2019/0104_ranked_as_a_leader_in_new_strategic_ipaas_and_hybrid_integration.html]
[www.softwareag.com/en_corporate/company/news/2018/1120_sap_software_ag_smart_cities.html]
[www.softwareag.com/en_corporate/company/news/2018/1119_sps_ipc_drives_2018.html]
[www.softwareag.com/en_corporate/company/news/2018/1119_launch_webmethods_b2b_cloud.html]
[www.softwareag.com/en_corporate/company/news/2018/1112_software_ag_extends_webmethods.html]
[www.softwareag.com/en_corporate/company/news/2018/1022_abu_dhabi_completes_successful_smart_city_project_using_sag_cumulocity_iot.html]
[www.softwareag.com/en_corporate/company/news/2018/1016_eurotech_and_software_ag_forge_partnership_to_broaden_iot_market.html]
[www.softwareag.com/en_corporate/company/news/2018/0830_software_ag_launches_new_open_source_library_nyoka.html]
[www.softwareag.com/en_corporate/company/news/2018/0821_announces_softwareagain_in_india.html]
[www.softwareag.com/en_corporate/company/news/2018/0529_post_luxembourg.html]
[www.softwareag.com/en_corporate/company/news/2018/0514_cirruslabs.html]
[www.softwareag.com/en_corporate/company/news/2018/0509_trackerando.html]
[www.softwareag.com/en_corporate/company/news.html]
[www.softwareag.com/en_corporate/company/jobs.html]
[www.softwareag.com/en_corporate/company/news/2018/0419_cumulocity_iot_london_buses.html]
[www.softwareag.com/en_corporate/company/csr.html]
[www.softwareag.com/en_corporate/company/ambassador-program.html]
[www.softwareag.com/en_corporate/company/global-ambassador-program.html]
[info.softwareag.com/rs/858-DJP-749/images/mkto-form-May7.css]
[info.softwareag.com/js/forms2/js/forms2.min.js]
[info.softwareag.com/rs/858-DJP-749/images/mkto-form-May7.js]
[www.softwareag.com/en_corporate/contact.html]
[www.softwareag.com/content/dam/softwareag/global/icons/cloud-icon.svg]
[www.softwareag.com/libs/dam/components/scene7/dynamicmedia/clientlibs/dynamicmedia.min.ACSHASH95866daf2281c89c2f0c736ab3953f57.css]
[www.softwareag.com/en_corporate/platform/integration-apis/integration-strategy-report.html]
[www.softwareag.com/content/dam/softwareag/global/logos/sag/software-ag-logo-core-light.svg]
[www.softwareag.com/etc.clientlibs/softwareag/clientlibs/clientlib-marketo-form.min.ACSHASHf891b3dab93fc879cab33d25d4f56da2.js]
[www.softwareag.com/corporate/company/team_analyst_relations/default.html]
[www.softwareag.com/corporate/company/ur/default.html]
[www.softwareag.com/corporate/company/mivi/research/default.html]
[www.softwareag.com/corporate/company/quality_and_continuity/default.html]
[www.softwareag.com/corporate/company/global/offices/default.html]
[www.softwareag.com/corporate/legal.html]
[www.softwareag.com/corporate/impressum.html]
[www.softwareag.com/corporate/privacy.html]
[www.softwareag.com/content/dam/softwareag/global/icons/social-media/icon-linkedin.svg]
[www.softwareag.com/content/dam/softwareag/global/icons/social-media/icon-facebook.svg]
[www.softwareag.com/content/dam/softwareag/global/icons/social-media/icon-twitter.svg]
[www.softwareag.com/content/dam/softwareag/global/icons/social-media/icon-youtube.svg]
[www.softwareag.com/content/dam/softwareag/global/icons/social-media/icon-tech-comm.svg]
[www.softwareag.com/content/dam/softwareag/global/icons/social-media/icon-owler.svg]
[www.softwareag.com/corporate/error-404.html]
[www.softwareag.com/index.html]
[snap.licdn.com/li.lms-analytics/insight.min.js]
[www.softwareag.com/en_corporate/platform/iot/cumulocity-iot-quickstart.html]
[www.softwareag.com/en_corporate/platform/iot/iot-analytics-platform.html]
[www.softwareag.com/en_corporate/platform/iot/industrial-analytics.html]
[www.softwareag.com/en_corporate/platform/iot/beecham-iot-report.html]
[www.softwareag.com/en_corporate/platform/iot/gartner_mq_iiot_2019.html]
[www.softwareag.com/en_corporate/platform/iot/forrester-wave-2019.html]
[www.softwareag.com/en_corporate/platform/iot/machnation-aep-2020.html]
[www.softwareag.com/en_corporate/platform/iot/machnation-device-2019.html]
[www.softwareag.com/en_corporate/platform/iot/machnation-device-2020.html]
[www.softwareag.com/en_corporate/platform/iot/machnation-edge-2020.html]
[www.softwareag.com/en_corporate/platform/iot/Iot-data-integration.html]
[www.softwareag.com/corporate/company/adamos/default.html]
[www.softwareag.com/en_corporate/platform/iot/iot-telco-white-paper.html]
[www.softwareag.com/en_corporate/platform/iot/gartner-cc-iiot-2019.html]
[www.softwareag.com/en_corporate/platform/iot/smart-water-management-register.html]
[www.softwareag.com/en_corporate/platform/integration-apis/api-integration-platform.html]
[www.softwareag.com/en_corporate/platform/integration-apis/webmethods-integration.html]
[www.softwareag.com/en_corporate/platform/integration-apis/ebook-api-management.html]
[www.softwareag.com/en_corporate/platform/integration-apis/integrate-to-innovate-white-paper.html]
[www.softwareag.com/en_corporate/platform/integration-apis/gartner-magic-quadrant-2019-api-management.html]
[www.softwareag.com/en_corporate/platform/integration-apis/forrester-wave-api-management-2018-q4.html]
[www.softwareag.com/corporate/products/webmethods_integration/adapter/default.html]
[www.softwareag.com/en_corporate/platform/integration-apis/hybrid-integration-ebook.html]
[www.softwareag.com/en_corporate/platform/integration-apis/integrate-to-innovate-gartner-report.html]
[www.softwareag.com/en_corporate/platform/integration-apis/forrester-wave-2019-strategic-ipaas-and-hybrid-integration-platforms.html]
[www.softwareag.com/en_corporate/platform/integration-apis/b2b-integration-webmethods-io-b2b-white-paper.html]
[www.softwareag.com/en_corporate/platform/integration-apis/b2b-integration-webmethods-io-b2b-e-book.html]
[www.softwareag.com/en_corporate/platform/aris/process-design.html]
[www.softwareag.com/en_corporate/platform/aris/process-analysis.html]
[www.softwareag.com/en_corporate/platform/aris/process-management.html]
[www.softwareag.com/en_corporate/platform/aris/enterprise_management_system_e-book.html]
[www.softwareag.com/en_corporate/platform/aris/enterprise-management-system-white-paper.html]
[www.softwareag.com/en_corporate/platform/aris/aris-process-mining-everest-report-2020.html]
[www.softwareag.com/en_corporate/platform/alfabet/alfabet-fastlane.html]
[www.softwareag.com/en_corporate/platform/alfabet/alfabet-it-portfolio-management.html]
[www.softwareag.com/en_corporate/platform/alfabet/gartner_mq_iitpaa_2019.html]
[www.softwareag.com/en_corporate/platform/alfabet/gartner_mq_enterprise_architecture_2019.html]
[www.softwareag.com/en_corporate/platform/alfabet/forrester_wave_strategic_portfolio_management_for_agile_organizations_2019.html]
[www.softwareag.com/en_corporate/platform/alfabet/fastlane-free-trial.html]
[www.softwareag.com/en_corporate/platform/adabas-natural/adabas-natural-demo.html]
[www.softwareag.com/en_corporate/platform/adabas-natural/lift-and-shift-cloud.html]
[www.softwareag.com/en_corporate/company/news/2020/0103_cumulocity_iot_named_best_enterprise_iot_platform_of_the_year_in_the_2020_iot_brealthrough_awards.html]
[www.softwareag.com/en_corporate/company/news/2019/0305_leader_in_eam.html]
[www.softwareag.com/corporate/company/events/iug_conference/default.html]
[www.softwareag.com/en_corporate/resources/communities/usergroup/register.html]
[www.softwareag.com/en_corporate/company/events/2020/0810_iot_world.html]
[www.softwareag.com/en_corporate/company/events/2020/1007_innovation_tour_riyadh.html]
[www.softwareag.com/en_corporate/company/events/2020/1013-annual_product-release-virtual-conference.html]
[www.softwareag.com/en_corporate/company/news/2019/0719_software_ag_partners_with_microsoft.html]
[www.softwareag.com/en_corporate/company/news/2018/1011_software_ag_and_dell_technologies_extend_partnership.html]
[www.softwareag.com/adobe/default.html]
[www.softwareag.com/kr/partners/partner_finder/default.html]
[www.softwareag.com/de/partners/partner_finder/default.html]
[www.softwareag.com/jp/partners/partner_finder/default.html]
[www.softwareag.com/fr/partners/partner_finder/default.html]
[www.softwareag.com/cn/partners/partner_finder/default.html]
[www.softwareag.com/es/partners/partner_finder/default.html]
[www.softwareag.com/ru/partners/partner_finder/default.html]
[www.softwareag.com/pl/partners/partner_finder/default.html]
[www.softwareag.com/br/partners/partner_finder/default.html]
[www.softwareag.com/it/partners/partner_finder/default.html]
[www.softwareag.com/tr/partners/partner_finder/default.html]
[www.softwareag.com/be/partners/partner_finder/default.html]
[www.softwareag.com/ch/partners/partner_finder/default.html]
[www.softwareag.com/at/partners/partner_finder/default.html]
[www.softwareag.com/latam/partners/partner_finder/default.html]
[www.softwareag.com/nordic/partners/partner_finder/default.html]
[www.softwareag.com/us/partners/partner_finder/default.html]
[www.softwareag.com/au/partners/partner_finder/default.html]
[www.softwareag.com/sg/partners/partner_finder/default.html]
[www.softwareag.com/mea/partners/partner_finder/default.html]
[www.softwareag.com/in/partners/partner_finder/default.html]
[www.softwareag.com/uk/partners/partner_finder/default.html]
[www.softwareag.com/za/partners/partner_finder/default.html]
[www.softwareag.com/ca/partners/partner_finder/default.html]
[www.softwareag.com/il/partners/partner_finder/default.html]
[www.softwareag.com/nl/partners/partner_finder/default.html]
[www.googletagmanager.com/gtm5445.html]
[www.softwareag.com/corporate/system/v1.37/assets/sag/css/font-avenir.css]
[www.softwareag.com/corporate/system/v1.37/assets/sag/css/normalize.css]
[www.softwareag.com/corporate/system/v1.37/assets/sag/css/corporate_main.css]
[www.softwareag.com/corporate/system/v1.37/assets/sag/css/bx_slider.css]
[www.softwareag.com/corporate/system/v1.37/assets/sag/css/accordion.css]
[www.softwareag.com/corporate/system/v1.37/assets/sag/css/tabs.css]
[www.softwareag.com/corporate/system/v1.37/assets/sag/css/top_swiper.css]
[www.softwareag.com/corporate/system/v1.37/assets/sag/css/jquery.mmenu.all.css]
[www.softwareag.com/corporate/system/v1.37/assets/sag/css/corporate_header_footer.css]
[www.softwareag.com/corporate/system/v1.37/assets/sag/css/rows.css]
[www.softwareag.com/corporate/system/v1.37/assets/sag/css/swiper.min.css]
[www.softwareag.com/corporate/system/v1.37/assets/sag/css/jquery.lightbox.css]
[www.softwareag.com/corporate/system/v1.37/assets/sag/css/corporate_media.css]
[www.softwareag.com/corporate/system/v1.37/assets/sag/css/tables.css]
[www.softwareag.com/corporate/system/v1.37/assets/sag/css/finder.css]
[assets.adobedtm.com/081e57b01871/feffb9a79a17/launch-7d193826ab70-development.min.js]
[www.softwareag.com/corporate/products/webmethods_integration/adapter/default-2.html]
[www.softwareag.com/corporate/products/api/appmesh/default.html]
[www.softwareag.com/corporate/products/data_analytics/edge_analytics/default.html]
[www.softwareag.com/corporate/products/az/default.html]
[www.softwareag.com/corporate/products/downloads/free_for_faculties/default.html]
[www.softwareag.com/corporate/products/new/aris_release/default.html]
[www.softwareag.com/corporate/customers/program/default.html]
[www.softwareag.com/corporate/customers/survey/default.html]
[www.softwareag.com/corporate/resources/partners/default.html]
[www.softwareag.com/corporate/resources/partners/program/default.html]
[www.softwareag.com/corporate/resources/partners/models/default.html]
[www.softwareag.com/corporate/resources/partners/partner_finder/default.html]
[www.softwareag.com/corporate/company/mivi/default.html]
[www.softwareag.com/corporate/company/mivi/faas/default.html]
[www.softwareag.com/corporate/company/mivi/history/default.html]
[www.softwareag.com/corporate/company/mivi/merger/default.html]
[www.softwareag.com/corporate/company/management/board/default.html]
[www.softwareag.com/corporate/company/management/board/default-2.html]
[www.softwareag.com/corporate/company/management/svb/default.html]
[www.softwareag.com/corporate/company/management/elt/default.html]
[www.softwareag.com/corporate/company/events/hannovermesse/default.html]
[www.softwareag.com/corporate/company/events/cbc/default.html]
[www.softwareag.com/corporate/company/resources/default.html]
[www.softwareag.com/corporate/company/resources/subscription/default.html]
[www.softwareag.com/corporate/company/resources/social_media/default.html]
[www.softwareag.com/corporate/company/careers/global/default.html]
[www.softwareag.com/corporate/company/communities/default.html]
[www.softwareag.com/corporate/company/press/default.html]
[www.softwareag.com/corporate/company/press/news/default.html]
[www.softwareag.com/corporate/company/press/media/default.html]
[www.softwareag.com/corporate/company/press/contact/default.html]
[www.softwareag.com/corporate/company/global/howtofind/default.html]
[www.softwareag.com/latam/default.html]
[www.softwareag.com/at/default.html]
[www.softwareag.com/be/default.html]
[www.softwareag.com/br/default.html]
[www.softwareag.com/bg/default.html]
[www.softwareag.com/ca/default.html]
[www.softwareag.com/cn/default.html]
[www.softwareag.com/nordic/default.html]
[www.softwareag.com/fr/default.html]
[www.softwareag.com/de/default.html]
[www.softwareag.com/in/default.html]
[www.softwareag.com/il/default.html]
[www.softwareag.com/it/default.html]
[www.softwareag.com/jp/default.html]
[www.softwareag.com/kr/default.html]
[www.softwareag.com/mea/default.html]
[www.softwareag.com/nl/default.html]
[www.softwareag.com/pl/default.html]
[www.softwareag.com/ru/default.html]
[www.softwareag.com/za/default.html]
[www.softwareag.com/es/default.html]
[www.softwareag.com/ch/default.html]
[www.softwareag.com/tr/default.html]
[www.softwareag.com/uk/default.html]
[www.softwareag.com/us/default.html]
[www.softwareag.com/corporate/partners/partner_finder/dyn_partner7778.html]
[www.softwareag.com/corporate/partners/partner_finder/dyn_partner35f8.html]
[www.softwareag.com/corporate/partners/partner_finder/dyn_partner571c.html]
[www.softwareag.com/corporate/partners/partner_finder/dyn_partner6b24.html]
[www.softwareag.com/corporate/partners/partner_finder/dyn_partner7d72.html]
[www.softwareag.com/corporate/partners/partner_finder/dell_technologies.html]
[www.softwareag.com/corporate/partners/partner_finder/dyn_partner868c.html]
[www.softwareag.com/corporate/partners/partner_finder/dyn_partnerf22c.html]
[www.softwareag.com/corporate/partners/partner_finder/dyn_partnere73b.html]
[www.softwareag.com/corporate/partners/partner_finder/dyn_partner0885.html]
[www.softwareag.com/corporate/partners/partner_finder/dyn_partner7926.html]
[www.softwareag.com/corporate/partners/partner_finder/dyn_partner56be.html]
[www.softwareag.com/corporate/partners/partner_finder/wipro.html]
[www.softwareag.com/corporate/company/team_analyst_relations/default-2.html]
[www.softwareag.com/corporate/company/press/default-2.html]
[www.softwareag.com/corporate/innovation/multi_function_iPaaS/default.html]
[www.softwareag.com/corporate/company/communities/default-2.html]
[www.softwareag.com/corporate/company/resources/social_media/default-2.html]
[www.softwareag.com/corporate/partners/models/default.html]
[www.softwareag.com/corporate/company/mivi/default-2.html]
[www.softwareag.com/corporate/products/az/default-2.html]
[www.softwareag.com/csr/en/default.html]
[connect.facebook.net/en_US/fbevents.js]
[www.softwareag.com/en_corporate/company/leadership/sanjay_brahmawar.html]
[www.softwareag.com/en_corporate/company/leadership/dr_elke_frank.html]
[www.softwareag.com/en_corporate/company/leadership/dr_matthias_heiden.html]
[www.softwareag.com/en_corporate/company/leadership/john_schweitzer.html]
[www.softwareag.com/en_corporate/company/leadership/dr_stefan_sigg.html]
[www.softwareag.com/en_corporate/company/leadership/karl-heinz_streibich.html]
[www.softwareag.com/en_corporate/company/leadership/guido_falkenberg.html]
[www.softwareag.com/en_corporate/company/leadership/ralf_dieter.html]
[www.softwareag.com/en_corporate/company/leadership/ursula_soritsch-renier.html]
[www.softwareag.com/en_corporate/company/leadership/markus_ziener.html]
[www.softwareag.com/en_corporate/company/leadership/christian_zimmermann.html]
[www.softwareag.com/en_corporate/company/news/2020/0625_Trendminer_new_industrial_analytics_platform_launch.html]
[www.softwareag.com/en_corporate/company/news/2020/0602_tech_mahindra_partnership_iot_telco.html]
[www.softwareag.com/en_corporate/company/news/2020/0514_software_ag_and_microsoft_bring_webmethodsio_to_azure.html]
[www.softwareag.com/en_corporate/company/news/2020/0423_software_ag_results_1q2020.html]
[www.softwareag.com/en_corporate/company/news/2020/0414_software_ag_announces_webmethods_appmesh.html]
[www.softwareag.com/en_corporate/company/news/2020/0316_covid-19.html]
[www.softwareag.com/en_corporate/company/news/2020/0311_swift-labs.html]
[www.softwareag.com/en_corporate/company/news/2020/0305_supervisory_board_announces_candidates.html]
[www.softwareag.com/en_corporate/company/news/2020/0205_software_ag_launches_aris_elements_intuitive_focused_process_modelling.html]
[www.softwareag.com/en_corporate/company/news/2020/0129_software_ag_ad_hoc_guidance-2020.html]
[www.softwareag.com/en_corporate/company/news/2020/0129_software_ag_results_4q2019.html]
[www.softwareag.com/en_corporate/company/news/2020/0114_matthias_heiden.html]
[www.softwareag.com/en_corporate/company/news/2019/1216_prestocloud.html]
[www.softwareag.com/en_corporate/company/news/2019/1202_software_ag_named_a_leader_for_9th_consecutive_year_gartner_integrated_it_portfolio_analysis_applications.html]
[www.softwareag.com/en_corporate/company/news/2019/1118_software_ag_odi_member.html]
[www.softwareag.com/en_corporate/company/news/2019/1108_12th_consecutive_year_named_a_leader_in_gartner_magic_quadrant_for_enterprise_architecture_tools.html]
[www.softwareag.com/en_corporate/company/news/2019/1028_adobe_marketo_engage_webmethods.html]
[www.softwareag.com/en_corporate/company/news/2019/1022_software_ag_results_3q2019.html]
[www.softwareag.com/en_corporate/company/news/2019/1001_software_ag_improves_partner_management_and_operational_efficiency_with_launch_of_cloud-based_webmethods_io_b2b.html]
[www.softwareag.com/en_corporate/company/news/2019/0923_infineon_adabas.html]
[www.softwareag.com/en_corporate/company/news/2019/0718_software_ag_results_2q2019.html]
[www.softwareag.com/en_corporate/company/news/2019/0718_software_ag_ad_hoc_2q2019.html]
[www.softwareag.com/en_corporate/company/news/2019/0711_software_ag_telekom_iot_partnership.html]
[www.softwareag.com/en_corporate/company/news/2019/0701_visionary_in_gartner_magic_quadrant_for_industrial_iot_platforms.html]
[www.softwareag.com/en_corporate/company/news/2019/0624_software_ag_appoints_dr_elke_frank.html]
[www.softwareag.com/en_corporate/company/news/2019/0529_software_ag_touching_the_lives_of_millions.html]
[www.softwareag.com/en_corporate/company/news/2019/0508_software_ag_announces_webmethods.html]
[www.softwareag.com/en_corporate/company/news/2019/0423_software_ag_launches_alfabet_fastlane_for_quick_and_easy_it_portfolio_management_in_the_cloud.html]
[www.softwareag.com/en_corporate/company/news/2019/0411_software_ag_ad_hoc_1q2019.html]
[www.softwareag.com/en_corporate/company/news/2019/0411_software_ag_results_1q2019.html]
[www.softwareag.com/en_corporate/company/news/2019/0328_software_ag_announces_major_advance_in_self_service_analytics_for_iot.html]
[www.softwareag.com/en_corporate/company/news/2019/0327_zero_defects_manufacturing_platform_zdmp.html]
[www.softwareag.com/en_corporate/company/news/2019/0225_software_ag_partners_with_telstra_and_busselton_water.html]
[www.softwareag.com/en_corporate/company/news/2019/0131_software_ag_results_2018.html]
[www.softwareag.com/en_corporate/company/news/2019/0131_software_ag_ad_hoc_outlook_2019.html]
[www.softwareag.com/en_corporate/company/news/2019/0108_software_ag_appoints_new_cio_and_cmo.html]
[www.softwareag.com/en_corporate/company/news/2018/1203_nordex_group_adopts_sag_cumulocity_iot.html]
[www.softwareag.com/en_corporate/company/news/2018/1025_john_schweitzer_appointed.html]
[www.softwareag.com/en_corporate/company/news/2018/1019_resultsq3.html]
[www.softwareag.com/en_corporate/company/news/2018/1009_new_independent_study_reveals_current_state_of_iot.html]
[www.softwareag.com/en_corporate/company/news/2018/0823_prestocloud_pilot_manages_huge_data_streams.html]
[www.softwareag.com/en_corporate/company/news/2018/0718_results_2q2018.html]
[www.softwareag.com/en_corporate/company/news/2018/0612_trendminer.html]
[www.softwareag.com/en_corporate/company/news/2018/0612_bilfinger.html]
[www.softwareag.com/en_corporate/company/news/2018/0416_telefonica-iot_solutions.html]
[www.softwareag.com/en_corporate/company/news/2018/0416_gft_and_software_ag_partnership.html]
[www.softwareag.com/en_corporate/company/news/2018/0413_results_1q2018.html]
[www.softwareag.com/en_corporate/company/news/2018/0313_ooredoo_iot.html]
[www.softwareag.com/en_corporate/company/news/2018/0131_new_ceo_sanjay_brahmawar.html]
[www.softwareag.com/en_corporate/company/news/2018/0125_results_2017.html]
[www.softwareag.com/en_corporate/company/news/2019/1118_software_ag_cited_as_leader_in_strategic_portfolio_management_by_independent_research_firm.html]
[www.softwareag.com/en_corporate/company/news/2019/1014_software_ag_named_again_a_leader_in_gartner_magic_quadrant_for_full_life_cycle_api_management.html]
[www.softwareag.com/en_corporate/company/news/2019/1002_the_a-z_of_digital_disruption.html]
[www.softwareag.com/en_corporate/company/news/2019/0925_software_ag_leader_in_streaming_analytics_by_independent_research_firm.html]
[www.softwareag.com/en_corporate/company/news/2019/0910_major_industrial_and_automotive_manufacturers_are_far_behind.html]
[www.softwareag.com/en_corporate/company/news/2019/0903_software_ag_trendminer_latest_release.html]
[www.softwareag.com/en_corporate/company/news/2019/0829_software_ag_to_become_member_of_open_industry.html]
[www.softwareag.com/en_corporate/company/news/2019/0725_aris_cloud_aws_marketplace.html]
[www.softwareag.com/en_corporate/company/news/2019/0724_gartner_cc_iiot.html]
[www.softwareag.com/en_corporate/company/news/2019/0627_software_ag_unveils_webmethods_service_designer_lightweight_integration.html]
[www.softwareag.com/en_corporate/company/news/2019/0515_software_ag_and_adobe_partnership.html]
[www.softwareag.com/en_corporate/company/news/2019/0507_software_ag_named_a_visionary_in_gartners_magic_quadrant.html]
[www.softwareag.com/en_corporate/company/news/2019/0424_machnation_rates_software_ag_cumulocity_iot_a_leading_vendor_in_2019_iot.html]
[www.softwareag.com/en_corporate/company/news/2019/0326_coca_cola_european_partners_chooses_software_ag_as_strategic_partner_to_support_its_digital_strategy.html]
[www.softwareag.com/en_corporate/company/news/2019/0212_powerup_award_winners_2018_d4.html]
[www.softwareag.com/en_corporate/company/news/2019/0104_ranked_as_a_leader_in_new_strategic_ipaas_and_hybrid_integration.html]
[www.softwareag.com/en_corporate/company/news/2018/1120_sap_software_ag_smart_cities.html]
[www.softwareag.com/en_corporate/company/news/2018/1119_sps_ipc_drives_2018.html]
[www.softwareag.com/en_corporate/company/news/2018/1119_launch_webmethods_b2b_cloud.html]
[www.softwareag.com/en_corporate/company/news/2018/1112_software_ag_extends_webmethods.html]
[www.softwareag.com/en_corporate/company/news/2018/1022_abu_dhabi_completes_successful_smart_city_project_using_sag_cumulocity_iot.html]
[www.softwareag.com/en_corporate/company/news/2018/1016_eurotech_and_software_ag_forge_partnership_to_broaden_iot_market.html]
[www.softwareag.com/en_corporate/company/news/2018/0830_software_ag_launches_new_open_source_library_nyoka.html]
[www.softwareag.com/en_corporate/company/news/2018/0821_announces_softwareagain_in_india.html]
[www.softwareag.com/en_corporate/company/news/2018/0529_post_luxembourg.html]
[www.softwareag.com/en_corporate/company/news/2018/0514_cirruslabs.html]
[www.softwareag.com/en_corporate/company/news/2018/0509_trackerando.html]
[www.softwareag.com/en_corporate/company/news/2018/0419_cumulocity_iot_london_buses.html]
[www.softwareag.com/corporate/company/ur/resources.html]
[www.softwareag.com/en_corporate/company/global-ambassador-program.html]
[info.softwareag.com/rs/858-DJP-749/images/mkto-form-May7.css]
[info.softwareag.com/js/forms2/js/forms2.min.js]
[info.softwareag.com/rs/858-DJP-749/images/mkto-form-May7.js]
[www.softwareag.com/kr/company/team_analyst_relations/default.html]
[www.softwareag.com/de/company/team_analyst_relations/default.html]
[www.softwareag.com/jp/company/team_analyst_relations/default.html]
[www.softwareag.com/fr/company/team_analyst_relations/default.html]
[www.softwareag.com/cn/company/team_analyst_relations/default.html]
[www.softwareag.com/es/company/team_analyst_relations/default.html]
[www.softwareag.com/ru/company/team_analyst_relations/default.html]
[www.softwareag.com/pl/company/team_analyst_relations/default.html]
[www.softwareag.com/br/company/team_analyst_relations/default.html]
[www.softwareag.com/it/company/team_analyst_relations/default.html]
[www.softwareag.com/tr/company/team_analyst_relations/default.html]
[www.softwareag.com/be/company/team_analyst_relations/default.html]
[www.softwareag.com/ch/company/team_analyst_relations/default.html]
[www.softwareag.com/at/company/team_analyst_relations/default.html]
[www.softwareag.com/latam/company/team_analyst_relations/default.html]
[www.softwareag.com/nordic/company/team_analyst_relations/default.html]
[www.softwareag.com/us/company/team_analyst_relations/default.html]
[www.softwareag.com/au/company/team_analyst_relations/default.html]
