[docs.webmethods.io/integration/starthere/home/index.html]
[backblue.gif]
[fade.gif]
[index.html]
[docs.webmethods.io/integration/style.css]
[docs.webmethods.io/integration/ic/graphics/home/overview.png]
[docs.webmethods.io/integration/ic/graphics/home/workflow-building-blocks.png]
[docs.webmethods.io/integration/ic/graphics/home/additional-features.png]
[docs.webmethods.io/integration/ic/graphics/home/account-and-settings.png]
[docs.webmethods.io/integration/ic/graphics/home/data-access-and-security.png]
[docs.webmethods.io/integration/ic/graphics/home/developer-guide.png]
[docs.webmethods.io/integration/ic/graphics/home/e2e_monitoring.png]
[docs.webmethods.io/integration/ic/graphics/home/tutorials.png]
[docs.webmethods.io/integration/ic/graphics/home/popular-workflow.png]
[docs.webmethods.io/integration/ic/graphics/home/connectors.png]
[docs.webmethods.io/integration/ic/graphics/home/faqs.png]
[docs.webmethods.io/integration/js/vendor/jquery.min.js]
[docs.webmethods.io/integration/js/vendor/bootstrap.bundle.min.js]
[docs.webmethods.io/integration/js/vendor/clipboard.js]
[docs.webmethods.io/integration/js/vendor/zoom.js]
[docs.webmethods.io/integration/js/vendor/highlight.min.js]
[docs.webmethods.io/integration/starthere/home/index.html]
[docs.webmethods.io/integration/js/main.js]
[docs.webmethods.io/integration/fonts/Roboto-Regular.woff]
[docs.webmethods.io/integration/fonts/Roboto-RegularItalic.woff]
[docs.webmethods.io/integration/fonts/Roboto-Bold.woff]
[docs.webmethods.io/integration/fonts/Roboto-Light.woff]
[docs.webmethods.io/integration/fonts/fontawesome-webfont3e6e.eot]
[docs.webmethods.io/integration/fonts/fontawesome-webfont3e6e.woff2]
[docs.webmethods.io/integration/fonts/fontawesome-webfontd41d.eot]
[docs.webmethods.io/integration/fonts/fontawesome-webfont3e6e.woff]
[docs.webmethods.io/integration/fonts/fontawesome-webfont3e6e.ttf]
[docs.webmethods.io/integration/fonts/fontawesome-webfont3e6e.svg]
[docs.webmethods.io/integration/fonts/c8yicon-dark.eot]
[docs.webmethods.io/integration/fonts/c8yicon-darkd41d.eot]
[docs.webmethods.io/integration/fonts/c8yicon-dark.woff]
[docs.webmethods.io/integration/fonts/c8yicon-dark.ttf]
[docs.webmethods.io/integration/fonts/c8yicon-dark.svg]
[docs.webmethods.io/integration/fonts/c8yicon-light.eot]
[docs.webmethods.io/integration/fonts/c8yicon-lightd41d.eot]
[docs.webmethods.io/integration/fonts/c8yicon-light.woff]
[docs.webmethods.io/integration/fonts/c8yicon-light.ttf]
[docs.webmethods.io/integration/fonts/c8yicon-light.svg]
[docs.webmethods.io/integration/theme-graphics/backg_2.png]
[docs.webmethods.io/integration/style.css]
[cse.google.com/cse07b6.html]
[docs.webmethods.io/integration/fonts/fontawesome-webfont3e6e.svg]
[docs.webmethods.io/integration/fonts/c8yicon-dark.svg]
[docs.webmethods.io/integration/fonts/c8yicon-light.svg]
